Performing C SOURCE FILE Test CMAKE_HAVE_LIBC_PTHREAD failed with the following output:
Change Dir: /home/arm-user/build/armnn/aarch64_build/CMakeFiles/CMakeTmp

Run Build Command(s):/usr/bin/make -f Makefile cmTC_c9d38/fast && /usr/bin/make  -f CMakeFiles/cmTC_c9d38.dir/build.make CMakeFiles/cmTC_c9d38.dir/build
make[1]: Entering directory '/home/arm-user/build/armnn/aarch64_build/CMakeFiles/CMakeTmp'
Building C object CMakeFiles/cmTC_c9d38.dir/src.c.o
/usr/bin/aarch64-linux-gnu-gcc -DCMAKE_HAVE_LIBC_PTHREAD  -fPIE -o CMakeFiles/cmTC_c9d38.dir/src.c.o -c /home/arm-user/build/armnn/aarch64_build/CMakeFiles/CMakeTmp/src.c
Linking C executable cmTC_c9d38
/usr/local/bin/cmake -E cmake_link_script CMakeFiles/cmTC_c9d38.dir/link.txt --verbose=1
/usr/bin/aarch64-linux-gnu-gcc CMakeFiles/cmTC_c9d38.dir/src.c.o -o cmTC_c9d38 
/usr/bin/ld: CMakeFiles/cmTC_c9d38.dir/src.c.o: in function `main':
src.c:(.text+0x48): undefined reference to `pthread_create'
/usr/bin/ld: src.c:(.text+0x50): undefined reference to `pthread_detach'
/usr/bin/ld: src.c:(.text+0x58): undefined reference to `pthread_cancel'
/usr/bin/ld: src.c:(.text+0x64): undefined reference to `pthread_join'
collect2: error: ld returned 1 exit status
make[1]: *** [CMakeFiles/cmTC_c9d38.dir/build.make:99: cmTC_c9d38] Error 1
make[1]: Leaving directory '/home/arm-user/build/armnn/aarch64_build/CMakeFiles/CMakeTmp'
make: *** [Makefile:127: cmTC_c9d38/fast] Error 2


Source file was:
#include <pthread.h>

static void* test_func(void* data)
{
  return data;
}

int main(void)
{
  pthread_t thread;
  pthread_create(&thread, NULL, test_func, NULL);
  pthread_detach(thread);
  pthread_cancel(thread);
  pthread_join(thread, NULL);
  pthread_atfork(NULL, NULL, NULL);
  pthread_exit(NULL);

  return 0;
}

Determining if the function pthread_create exists in the pthreads failed with the following output:
Change Dir: /home/arm-user/build/armnn/aarch64_build/CMakeFiles/CMakeTmp

Run Build Command(s):/usr/bin/make -f Makefile cmTC_7afc1/fast && /usr/bin/make  -f CMakeFiles/cmTC_7afc1.dir/build.make CMakeFiles/cmTC_7afc1.dir/build
make[1]: Entering directory '/home/arm-user/build/armnn/aarch64_build/CMakeFiles/CMakeTmp'
Building C object CMakeFiles/cmTC_7afc1.dir/CheckFunctionExists.c.o
/usr/bin/aarch64-linux-gnu-gcc   -DCHECK_FUNCTION_EXISTS=pthread_create -fPIE -o CMakeFiles/cmTC_7afc1.dir/CheckFunctionExists.c.o -c /usr/local/share/cmake-3.22/Modules/CheckFunctionExists.c
Linking C executable cmTC_7afc1
/usr/local/bin/cmake -E cmake_link_script CMakeFiles/cmTC_7afc1.dir/link.txt --verbose=1
/usr/bin/aarch64-linux-gnu-gcc  -DCHECK_FUNCTION_EXISTS=pthread_create CMakeFiles/cmTC_7afc1.dir/CheckFunctionExists.c.o -o cmTC_7afc1  -lpthreads 
/usr/bin/ld: cannot find -lpthreads
collect2: error: ld returned 1 exit status
make[1]: *** [CMakeFiles/cmTC_7afc1.dir/build.make:99: cmTC_7afc1] Error 1
make[1]: Leaving directory '/home/arm-user/build/armnn/aarch64_build/CMakeFiles/CMakeTmp'
make: *** [Makefile:127: cmTC_7afc1/fast] Error 2



Determining if files valgrind/memcheck.h exist failed with the following output:
Change Dir: /home/arm-user/build/armnn/aarch64_build/CMakeFiles/CMakeTmp

Run Build Command(s):/usr/bin/make -f Makefile cmTC_072cc/fast && /usr/bin/make  -f CMakeFiles/cmTC_072cc.dir/build.make CMakeFiles/cmTC_072cc.dir/build
make[1]: Entering directory '/home/arm-user/build/armnn/aarch64_build/CMakeFiles/CMakeTmp'
Building C object CMakeFiles/cmTC_072cc.dir/VALGRIND_FOUND.c.o
/usr/bin/aarch64-linux-gnu-gcc   -fPIE -o CMakeFiles/cmTC_072cc.dir/VALGRIND_FOUND.c.o -c /home/arm-user/build/armnn/aarch64_build/CMakeFiles/CheckIncludeFiles/VALGRIND_FOUND.c
/home/arm-user/build/armnn/aarch64_build/CMakeFiles/CheckIncludeFiles/VALGRIND_FOUND.c:2:10: fatal error: valgrind/memcheck.h: No such file or directory
    2 | #include <valgrind/memcheck.h>
      |          ^~~~~~~~~~~~~~~~~~~~~
compilation terminated.
make[1]: *** [CMakeFiles/cmTC_072cc.dir/build.make:78: CMakeFiles/cmTC_072cc.dir/VALGRIND_FOUND.c.o] Error 1
make[1]: Leaving directory '/home/arm-user/build/armnn/aarch64_build/CMakeFiles/CMakeTmp'
make: *** [Makefile:127: cmTC_072cc/fast] Error 2


Source:
/* */
#include <valgrind/memcheck.h>


int main(void){return 0;}

